Archive member included to satisfy reference by file (symbol)

c:/program files (x86)/atmel/studio/7.0/toolchain/avr8/avr8-gnu-toolchain/bin/../lib/gcc/avr/5.4.0/avrxmega3/short-calls\libgcc.a(_exit.o)
                              C:/Program Files (x86)/Atmel/Studio/7.0/Packs/atmel/ATtiny_DFP/1.3.172/gcc/dev/attiny817/avrxmega3/short-calls/crtattiny817.o (exit)
c:/program files (x86)/atmel/studio/7.0/toolchain/avr8/avr8-gnu-toolchain/bin/../lib/gcc/avr/5.4.0/avrxmega3/short-calls\libgcc.a(_copy_data.o)
                              ha-dev/ha-dev-base.o (__do_copy_data)
c:/program files (x86)/atmel/studio/7.0/toolchain/avr8/avr8-gnu-toolchain/bin/../lib/gcc/avr/5.4.0/avrxmega3/short-calls\libgcc.a(_clear_bss.o)
                              ha-common/ha-common.o (__do_clear_bss)
c:/program files (x86)/atmel/studio/7.0/toolchain/avr8/avr8-gnu-toolchain/bin/../lib/gcc/avr/5.4.0/../../../../avr/lib/avrxmega3/short-calls\libc.a(calloc.o)
                              ha-common/ha-node-ledlight.o (calloc)
c:/program files (x86)/atmel/studio/7.0/toolchain/avr8/avr8-gnu-toolchain/bin/../lib/gcc/avr/5.4.0/../../../../avr/lib/avrxmega3/short-calls\libc.a(malloc.o)
                              c:/program files (x86)/atmel/studio/7.0/toolchain/avr8/avr8-gnu-toolchain/bin/../lib/gcc/avr/5.4.0/../../../../avr/lib/avrxmega3/short-calls\libc.a(calloc.o) (malloc)
c:/program files (x86)/atmel/studio/7.0/toolchain/avr8/avr8-gnu-toolchain/bin/../lib/gcc/avr/5.4.0/../../../../avr/lib/avrxmega3/short-calls\libc.a(memcpy.o)
                              ha-common/ha-nlink.o (memcpy)
c:/program files (x86)/atmel/studio/7.0/toolchain/avr8/avr8-gnu-toolchain/bin/../lib/gcc/avr/5.4.0/../../../../avr/lib/avrxmega3/short-calls\libc.a(memset.o)
                              c:/program files (x86)/atmel/studio/7.0/toolchain/avr8/avr8-gnu-toolchain/bin/../lib/gcc/avr/5.4.0/../../../../avr/lib/avrxmega3/short-calls\libc.a(calloc.o) (memset)
C:/Program Files (x86)/Atmel/Studio/7.0/Packs/atmel/ATtiny_DFP/1.3.172/gcc/dev/attiny817/avrxmega3/short-calls\libattiny817.a(eerd_block.o)
                              ha-blcn.o (eeprom_read_block)
C:/Program Files (x86)/Atmel/Studio/7.0/Packs/atmel/ATtiny_DFP/1.3.172/gcc/dev/attiny817/avrxmega3/short-calls\libattiny817.a(eerd_byte.o)
                              ha-common/ha-node-ledlight.o (eeprom_read_byte)

Allocating common symbols
Common symbol       size              file

__brkval            0x2               c:/program files (x86)/atmel/studio/7.0/toolchain/avr8/avr8-gnu-toolchain/bin/../lib/gcc/avr/5.4.0/../../../../avr/lib/avrxmega3/short-calls\libc.a(malloc.o)
gus_trap_line       0x2               ha-common/ha-common.o
g_rx_buf            0xc               ha-common/ha-nlink.o
__flp               0x2               c:/program files (x86)/atmel/studio/7.0/toolchain/avr8/avr8-gnu-toolchain/bin/../lib/gcc/avr/5.4.0/../../../../avr/lib/avrxmega3/short-calls\libc.a(malloc.o)
nlink               0x48              ha-common/ha-nlink.o

Discarded input sections

 .data          0x00000000        0x0 C:/Program Files (x86)/Atmel/Studio/7.0/Packs/atmel/ATtiny_DFP/1.3.172/gcc/dev/attiny817/avrxmega3/short-calls/crtattiny817.o
 .bss           0x00000000        0x0 C:/Program Files (x86)/Atmel/Studio/7.0/Packs/atmel/ATtiny_DFP/1.3.172/gcc/dev/attiny817/avrxmega3/short-calls/crtattiny817.o
 .text          0x00000000        0x0 ha-blcn-config.o
 .data          0x00000000        0x0 ha-blcn-config.o
 .bss           0x00000000        0x0 ha-blcn-config.o
 .text          0x00000000        0x0 ha-common/ha-common.o
 .data          0x00000000        0x0 ha-common/ha-common.o
 .bss           0x00000000        0x0 ha-common/ha-common.o
 .text          0x00000000        0x0 ha-common/ha-nlink.o
 .data          0x00000000        0x0 ha-common/ha-nlink.o
 .bss           0x00000000        0x0 ha-common/ha-nlink.o
 .text.ha_nlink_on_tx_default
                0x00000000       0x2c ha-common/ha-nlink.o
 .text          0x00000000        0x0 ha-common/ha-node-ledlight.o
 .data          0x00000000        0x0 ha-common/ha-node-ledlight.o
 .bss           0x00000000        0x0 ha-common/ha-node-ledlight.o
 .text          0x00000000        0x0 ha-common/ha-node-roll.o
 .data          0x00000000        0x0 ha-common/ha-node-roll.o
 .bss           0x00000000        0x0 ha-common/ha-node-roll.o
 .text          0x00000000        0x0 ha-common/ha-node-switch.o
 .data          0x00000000        0x0 ha-common/ha-node-switch.o
 .bss           0x00000000        0x0 ha-common/ha-node-switch.o
 .text          0x00000000        0x0 ha-dev/ha-dev-base.o
 .bss           0x00000000        0x0 ha-dev/ha-dev-base.o
 .text.in_gpio_init
                0x00000000       0x46 ha-dev/ha-dev-base.o
 .text.out_gpio_init
                0x00000000       0x54 ha-dev/ha-dev-base.o
 .text.slow_pwm_init
                0x00000000       0x5c ha-dev/ha-dev-base.o
 .text.timer_init
                0x00000000       0x1c ha-dev/ha-dev-base.o
 .text.ha_dev_base_set_slow_pwm
                0x00000000       0x4a ha-dev/ha-dev-base.o
 .text          0x00000000        0x0 ha-blcn.o
 .data          0x00000000        0x0 ha-blcn.o
 .text          0x00000000        0x0 ha-blcn-const.o
 .data          0x00000000        0x0 ha-blcn-const.o
 .bss           0x00000000        0x0 ha-blcn-const.o
 .debug_line    0x00000000        0x0 ha-blcn-const.o
 .debug_str     0x00000000       0xf8 ha-blcn-const.o
 .comment       0x00000000       0x31 ha-blcn-const.o
 .text          0x00000000        0x0 c:/program files (x86)/atmel/studio/7.0/toolchain/avr8/avr8-gnu-toolchain/bin/../lib/gcc/avr/5.4.0/avrxmega3/short-calls\libgcc.a(_exit.o)
 .data          0x00000000        0x0 c:/program files (x86)/atmel/studio/7.0/toolchain/avr8/avr8-gnu-toolchain/bin/../lib/gcc/avr/5.4.0/avrxmega3/short-calls\libgcc.a(_exit.o)
 .bss           0x00000000        0x0 c:/program files (x86)/atmel/studio/7.0/toolchain/avr8/avr8-gnu-toolchain/bin/../lib/gcc/avr/5.4.0/avrxmega3/short-calls\libgcc.a(_exit.o)
 .text.libgcc.mul
                0x00000000        0x0 c:/program files (x86)/atmel/studio/7.0/toolchain/avr8/avr8-gnu-toolchain/bin/../lib/gcc/avr/5.4.0/avrxmega3/short-calls\libgcc.a(_exit.o)
 .text.libgcc.div
                0x00000000        0x0 c:/program files (x86)/atmel/studio/7.0/toolchain/avr8/avr8-gnu-toolchain/bin/../lib/gcc/avr/5.4.0/avrxmega3/short-calls\libgcc.a(_exit.o)
 .text.libgcc   0x00000000        0x0 c:/program files (x86)/atmel/studio/7.0/toolchain/avr8/avr8-gnu-toolchain/bin/../lib/gcc/avr/5.4.0/avrxmega3/short-calls\libgcc.a(_exit.o)
 .text.libgcc.prologue
                0x00000000        0x0 c:/program files (x86)/atmel/studio/7.0/toolchain/avr8/avr8-gnu-toolchain/bin/../lib/gcc/avr/5.4.0/avrxmega3/short-calls\libgcc.a(_exit.o)
 .text.libgcc.builtins
                0x00000000        0x0 c:/program files (x86)/atmel/studio/7.0/toolchain/avr8/avr8-gnu-toolchain/bin/../lib/gcc/avr/5.4.0/avrxmega3/short-calls\libgcc.a(_exit.o)
 .text.libgcc.fmul
                0x00000000        0x0 c:/program files (x86)/atmel/studio/7.0/toolchain/avr8/avr8-gnu-toolchain/bin/../lib/gcc/avr/5.4.0/avrxmega3/short-calls\libgcc.a(_exit.o)
 .text.libgcc.fixed
                0x00000000        0x0 c:/program files (x86)/atmel/studio/7.0/toolchain/avr8/avr8-gnu-toolchain/bin/../lib/gcc/avr/5.4.0/avrxmega3/short-calls\libgcc.a(_exit.o)
 .text          0x00000000        0x0 c:/program files (x86)/atmel/studio/7.0/toolchain/avr8/avr8-gnu-toolchain/bin/../lib/gcc/avr/5.4.0/avrxmega3/short-calls\libgcc.a(_copy_data.o)
 .data          0x00000000        0x0 c:/program files (x86)/atmel/studio/7.0/toolchain/avr8/avr8-gnu-toolchain/bin/../lib/gcc/avr/5.4.0/avrxmega3/short-calls\libgcc.a(_copy_data.o)
 .bss           0x00000000        0x0 c:/program files (x86)/atmel/studio/7.0/toolchain/avr8/avr8-gnu-toolchain/bin/../lib/gcc/avr/5.4.0/avrxmega3/short-calls\libgcc.a(_copy_data.o)
 .text.libgcc.mul
                0x00000000        0x0 c:/program files (x86)/atmel/studio/7.0/toolchain/avr8/avr8-gnu-toolchain/bin/../lib/gcc/avr/5.4.0/avrxmega3/short-calls\libgcc.a(_copy_data.o)
 .text.libgcc.div
                0x00000000        0x0 c:/program files (x86)/atmel/studio/7.0/toolchain/avr8/avr8-gnu-toolchain/bin/../lib/gcc/avr/5.4.0/avrxmega3/short-calls\libgcc.a(_copy_data.o)
 .text.libgcc   0x00000000        0x0 c:/program files (x86)/atmel/studio/7.0/toolchain/avr8/avr8-gnu-toolchain/bin/../lib/gcc/avr/5.4.0/avrxmega3/short-calls\libgcc.a(_copy_data.o)
 .text.libgcc.prologue
                0x00000000        0x0 c:/program files (x86)/atmel/studio/7.0/toolchain/avr8/avr8-gnu-toolchain/bin/../lib/gcc/avr/5.4.0/avrxmega3/short-calls\libgcc.a(_copy_data.o)
 .text.libgcc.builtins
                0x00000000        0x0 c:/program files (x86)/atmel/studio/7.0/toolchain/avr8/avr8-gnu-toolchain/bin/../lib/gcc/avr/5.4.0/avrxmega3/short-calls\libgcc.a(_copy_data.o)
 .text.libgcc.fmul
                0x00000000        0x0 c:/program files (x86)/atmel/studio/7.0/toolchain/avr8/avr8-gnu-toolchain/bin/../lib/gcc/avr/5.4.0/avrxmega3/short-calls\libgcc.a(_copy_data.o)
 .text.libgcc.fixed
                0x00000000        0x0 c:/program files (x86)/atmel/studio/7.0/toolchain/avr8/avr8-gnu-toolchain/bin/../lib/gcc/avr/5.4.0/avrxmega3/short-calls\libgcc.a(_copy_data.o)
 .text          0x00000000        0x0 c:/program files (x86)/atmel/studio/7.0/toolchain/avr8/avr8-gnu-toolchain/bin/../lib/gcc/avr/5.4.0/avrxmega3/short-calls\libgcc.a(_clear_bss.o)
 .data          0x00000000        0x0 c:/program files (x86)/atmel/studio/7.0/toolchain/avr8/avr8-gnu-toolchain/bin/../lib/gcc/avr/5.4.0/avrxmega3/short-calls\libgcc.a(_clear_bss.o)
 .bss           0x00000000        0x0 c:/program files (x86)/atmel/studio/7.0/toolchain/avr8/avr8-gnu-toolchain/bin/../lib/gcc/avr/5.4.0/avrxmega3/short-calls\libgcc.a(_clear_bss.o)
 .text.libgcc.mul
                0x00000000        0x0 c:/program files (x86)/atmel/studio/7.0/toolchain/avr8/avr8-gnu-toolchain/bin/../lib/gcc/avr/5.4.0/avrxmega3/short-calls\libgcc.a(_clear_bss.o)
 .text.libgcc.div
                0x00000000        0x0 c:/program files (x86)/atmel/studio/7.0/toolchain/avr8/avr8-gnu-toolchain/bin/../lib/gcc/avr/5.4.0/avrxmega3/short-calls\libgcc.a(_clear_bss.o)
 .text.libgcc   0x00000000        0x0 c:/program files (x86)/atmel/studio/7.0/toolchain/avr8/avr8-gnu-toolchain/bin/../lib/gcc/avr/5.4.0/avrxmega3/short-calls\libgcc.a(_clear_bss.o)
 .text.libgcc.prologue
                0x00000000        0x0 c:/program files (x86)/atmel/studio/7.0/toolchain/avr8/avr8-gnu-toolchain/bin/../lib/gcc/avr/5.4.0/avrxmega3/short-calls\libgcc.a(_clear_bss.o)
 .text.libgcc.builtins
                0x00000000        0x0 c:/program files (x86)/atmel/studio/7.0/toolchain/avr8/avr8-gnu-toolchain/bin/../lib/gcc/avr/5.4.0/avrxmega3/short-calls\libgcc.a(_clear_bss.o)
 .text.libgcc.fmul
                0x00000000        0x0 c:/program files (x86)/atmel/studio/7.0/toolchain/avr8/avr8-gnu-toolchain/bin/../lib/gcc/avr/5.4.0/avrxmega3/short-calls\libgcc.a(_clear_bss.o)
 .text.libgcc.fixed
                0x00000000        0x0 c:/program files (x86)/atmel/studio/7.0/toolchain/avr8/avr8-gnu-toolchain/bin/../lib/gcc/avr/5.4.0/avrxmega3/short-calls\libgcc.a(_clear_bss.o)
 .text          0x00000000        0x0 c:/program files (x86)/atmel/studio/7.0/toolchain/avr8/avr8-gnu-toolchain/bin/../lib/gcc/avr/5.4.0/../../../../avr/lib/avrxmega3/short-calls\libc.a(calloc.o)
 .data          0x00000000        0x0 c:/program files (x86)/atmel/studio/7.0/toolchain/avr8/avr8-gnu-toolchain/bin/../lib/gcc/avr/5.4.0/../../../../avr/lib/avrxmega3/short-calls\libc.a(calloc.o)
 .bss           0x00000000        0x0 c:/program files (x86)/atmel/studio/7.0/toolchain/avr8/avr8-gnu-toolchain/bin/../lib/gcc/avr/5.4.0/../../../../avr/lib/avrxmega3/short-calls\libc.a(calloc.o)
 .text          0x00000000        0x0 c:/program files (x86)/atmel/studio/7.0/toolchain/avr8/avr8-gnu-toolchain/bin/../lib/gcc/avr/5.4.0/../../../../avr/lib/avrxmega3/short-calls\libc.a(malloc.o)
 .bss           0x00000000        0x0 c:/program files (x86)/atmel/studio/7.0/toolchain/avr8/avr8-gnu-toolchain/bin/../lib/gcc/avr/5.4.0/../../../../avr/lib/avrxmega3/short-calls\libc.a(malloc.o)
 .text          0x00000000        0x0 c:/program files (x86)/atmel/studio/7.0/toolchain/avr8/avr8-gnu-toolchain/bin/../lib/gcc/avr/5.4.0/../../../../avr/lib/avrxmega3/short-calls\libc.a(memcpy.o)
 .data          0x00000000        0x0 c:/program files (x86)/atmel/studio/7.0/toolchain/avr8/avr8-gnu-toolchain/bin/../lib/gcc/avr/5.4.0/../../../../avr/lib/avrxmega3/short-calls\libc.a(memcpy.o)
 .bss           0x00000000        0x0 c:/program files (x86)/atmel/studio/7.0/toolchain/avr8/avr8-gnu-toolchain/bin/../lib/gcc/avr/5.4.0/../../../../avr/lib/avrxmega3/short-calls\libc.a(memcpy.o)
 .text          0x00000000        0x0 c:/program files (x86)/atmel/studio/7.0/toolchain/avr8/avr8-gnu-toolchain/bin/../lib/gcc/avr/5.4.0/../../../../avr/lib/avrxmega3/short-calls\libc.a(memset.o)
 .data          0x00000000        0x0 c:/program files (x86)/atmel/studio/7.0/toolchain/avr8/avr8-gnu-toolchain/bin/../lib/gcc/avr/5.4.0/../../../../avr/lib/avrxmega3/short-calls\libc.a(memset.o)
 .bss           0x00000000        0x0 c:/program files (x86)/atmel/studio/7.0/toolchain/avr8/avr8-gnu-toolchain/bin/../lib/gcc/avr/5.4.0/../../../../avr/lib/avrxmega3/short-calls\libc.a(memset.o)
 .text          0x00000000        0x0 C:/Program Files (x86)/Atmel/Studio/7.0/Packs/atmel/ATtiny_DFP/1.3.172/gcc/dev/attiny817/avrxmega3/short-calls\libattiny817.a(eerd_block.o)
 .data          0x00000000        0x0 C:/Program Files (x86)/Atmel/Studio/7.0/Packs/atmel/ATtiny_DFP/1.3.172/gcc/dev/attiny817/avrxmega3/short-calls\libattiny817.a(eerd_block.o)
 .bss           0x00000000        0x0 C:/Program Files (x86)/Atmel/Studio/7.0/Packs/atmel/ATtiny_DFP/1.3.172/gcc/dev/attiny817/avrxmega3/short-calls\libattiny817.a(eerd_block.o)
 .text          0x00000000        0x0 C:/Program Files (x86)/Atmel/Studio/7.0/Packs/atmel/ATtiny_DFP/1.3.172/gcc/dev/attiny817/avrxmega3/short-calls\libattiny817.a(eerd_byte.o)
 .data          0x00000000        0x0 C:/Program Files (x86)/Atmel/Studio/7.0/Packs/atmel/ATtiny_DFP/1.3.172/gcc/dev/attiny817/avrxmega3/short-calls\libattiny817.a(eerd_byte.o)
 .bss           0x00000000        0x0 C:/Program Files (x86)/Atmel/Studio/7.0/Packs/atmel/ATtiny_DFP/1.3.172/gcc/dev/attiny817/avrxmega3/short-calls\libattiny817.a(eerd_byte.o)

Memory Configuration

Name             Origin             Length             Attributes
text             0x00000000         0x00100000         xr
data             0x00802000         0x0000ffa0         rw !x
eeprom           0x00810000         0x00010000         rw !x
fuse             0x00820000         0x00000009         rw !x
lock             0x00830000         0x00000400         rw !x
signature        0x00840000         0x00000400         rw !x
user_signatures  0x00850000         0x00000400         rw !x
*default*        0x00000000         0xffffffff

Linker script and memory map

Address of section .data set to 0x803e00
                0x00008000                __RODATA_PM_OFFSET__ = 0x8000
LOAD C:/Program Files (x86)/Atmel/Studio/7.0/Packs/atmel/ATtiny_DFP/1.3.172/gcc/dev/attiny817/avrxmega3/short-calls/crtattiny817.o
LOAD ha-blcn-config.o
LOAD ha-common/ha-common.o
LOAD ha-common/ha-nlink.o
LOAD ha-common/ha-node-ledlight.o
LOAD ha-common/ha-node-roll.o
LOAD ha-common/ha-node-switch.o
LOAD ha-dev/ha-dev-base.o
LOAD ha-blcn.o
LOAD ha-blcn-const.o
START GROUP
LOAD c:/program files (x86)/atmel/studio/7.0/toolchain/avr8/avr8-gnu-toolchain/bin/../lib/gcc/avr/5.4.0/../../../../avr/lib/avrxmega3/short-calls\libm.a
END GROUP
Address of section .config_param set to 0x810010
START GROUP
LOAD c:/program files (x86)/atmel/studio/7.0/toolchain/avr8/avr8-gnu-toolchain/bin/../lib/gcc/avr/5.4.0/avrxmega3/short-calls\libgcc.a
LOAD c:/program files (x86)/atmel/studio/7.0/toolchain/avr8/avr8-gnu-toolchain/bin/../lib/gcc/avr/5.4.0/../../../../avr/lib/avrxmega3/short-calls\libm.a
LOAD c:/program files (x86)/atmel/studio/7.0/toolchain/avr8/avr8-gnu-toolchain/bin/../lib/gcc/avr/5.4.0/../../../../avr/lib/avrxmega3/short-calls\libc.a
LOAD C:/Program Files (x86)/Atmel/Studio/7.0/Packs/atmel/ATtiny_DFP/1.3.172/gcc/dev/attiny817/avrxmega3/short-calls\libattiny817.a
END GROUP
                0x00000000                __TEXT_REGION_ORIGIN__ = DEFINED (__TEXT_REGION_ORIGIN__)?__TEXT_REGION_ORIGIN__:0x0
                0x00802000                __DATA_REGION_ORIGIN__ = DEFINED (__DATA_REGION_ORIGIN__)?__DATA_REGION_ORIGIN__:0x802000
                0x00100000                __TEXT_REGION_LENGTH__ = DEFINED (__TEXT_REGION_LENGTH__)?__TEXT_REGION_LENGTH__:0x100000
                0x0000ffa0                __DATA_REGION_LENGTH__ = DEFINED (__DATA_REGION_LENGTH__)?__DATA_REGION_LENGTH__:0xffa0
                0x00010000                __EEPROM_REGION_LENGTH__ = DEFINED (__EEPROM_REGION_LENGTH__)?__EEPROM_REGION_LENGTH__:0x10000
                [0x00000009]                __FUSE_REGION_LENGTH__ = DEFINED (__FUSE_REGION_LENGTH__)?__FUSE_REGION_LENGTH__:0x400
                0x00000400                __LOCK_REGION_LENGTH__ = DEFINED (__LOCK_REGION_LENGTH__)?__LOCK_REGION_LENGTH__:0x400
                0x00000400                __SIGNATURE_REGION_LENGTH__ = DEFINED (__SIGNATURE_REGION_LENGTH__)?__SIGNATURE_REGION_LENGTH__:0x400
                0x00000400                __USER_SIGNATURE_REGION_LENGTH__ = DEFINED (__USER_SIGNATURE_REGION_LENGTH__)?__USER_SIGNATURE_REGION_LENGTH__:0x400
                0x00008000                __RODATA_PM_OFFSET__ = DEFINED (__RODATA_PM_OFFSET__)?__RODATA_PM_OFFSET__:0x8000

.hash
 *(.hash)

.dynsym
 *(.dynsym)

.dynstr
 *(.dynstr)

.gnu.version
 *(.gnu.version)

.gnu.version_d
 *(.gnu.version_d)

.gnu.version_r
 *(.gnu.version_r)

.rel.init
 *(.rel.init)

.rela.init
 *(.rela.init)

.rel.text
 *(.rel.text)
 *(.rel.text.*)
 *(.rel.gnu.linkonce.t*)

.rela.text
 *(.rela.text)
 *(.rela.text.*)
 *(.rela.gnu.linkonce.t*)

.rel.fini
 *(.rel.fini)

.rela.fini
 *(.rela.fini)

.rel.rodata
 *(.rel.rodata)
 *(.rel.rodata.*)
 *(.rel.gnu.linkonce.r*)

.rela.rodata
 *(.rela.rodata)
 *(.rela.rodata.*)
 *(.rela.gnu.linkonce.r*)

.rel.data
 *(.rel.data)
 *(.rel.data.*)
 *(.rel.gnu.linkonce.d*)

.rela.data
 *(.rela.data)
 *(.rela.data.*)
 *(.rela.gnu.linkonce.d*)

.rel.ctors
 *(.rel.ctors)

.rela.ctors
 *(.rela.ctors)

.rel.dtors
 *(.rel.dtors)

.rela.dtors
 *(.rela.dtors)

.rel.got
 *(.rel.got)

.rela.got
 *(.rela.got)

.rel.bss
 *(.rel.bss)

.rela.bss
 *(.rela.bss)

.rel.plt
 *(.rel.plt)

.rela.plt
 *(.rela.plt)

.text           0x00000000     0x157c
 *(.vectors)
 .vectors       0x00000000       0x34 C:/Program Files (x86)/Atmel/Studio/7.0/Packs/atmel/ATtiny_DFP/1.3.172/gcc/dev/attiny817/avrxmega3/short-calls/crtattiny817.o
                0x00000000                __vector_default
                0x00000000                __vectors
 *(.vectors)
 *(.progmem.gcc*)
                0x00000034                . = ALIGN (0x2)
                0x00000034                __trampolines_start = .
 *(.trampolines)
 .trampolines   0x00000034        0x0 linker stubs
 *(.trampolines*)
                0x00000034                __trampolines_end = .
 *libprintf_flt.a:*(.progmem.data)
 *libc.a:*(.progmem.data)
 *(.progmem*)
                0x00000034                . = ALIGN (0x2)
 *(.jumptables)
 *(.jumptables*)
 *(.lowtext)
 *(.lowtext*)
                0x00000034                __ctors_start = .
 *(.ctors)
                0x00000034                __ctors_end = .
                0x00000034                __dtors_start = .
 *(.dtors)
                0x00000034                __dtors_end = .
 SORT(*)(.ctors)
 SORT(*)(.dtors)
 *(.init0)
 .init0         0x00000034        0x0 C:/Program Files (x86)/Atmel/Studio/7.0/Packs/atmel/ATtiny_DFP/1.3.172/gcc/dev/attiny817/avrxmega3/short-calls/crtattiny817.o
                0x00000034                __init
 *(.init0)
 *(.init1)
 *(.init1)
 *(.init2)
 .init2         0x00000034        0xc C:/Program Files (x86)/Atmel/Studio/7.0/Packs/atmel/ATtiny_DFP/1.3.172/gcc/dev/attiny817/avrxmega3/short-calls/crtattiny817.o
 *(.init2)
 *(.init3)
 *(.init3)
 *(.init4)
 .init4         0x00000040       0x16 c:/program files (x86)/atmel/studio/7.0/toolchain/avr8/avr8-gnu-toolchain/bin/../lib/gcc/avr/5.4.0/avrxmega3/short-calls\libgcc.a(_copy_data.o)
                0x00000040                __do_copy_data
 .init4         0x00000056       0x10 c:/program files (x86)/atmel/studio/7.0/toolchain/avr8/avr8-gnu-toolchain/bin/../lib/gcc/avr/5.4.0/avrxmega3/short-calls\libgcc.a(_clear_bss.o)
                0x00000056                __do_clear_bss
 *(.init4)
 *(.init5)
 *(.init5)
 *(.init6)
 *(.init6)
 *(.init7)
 *(.init7)
 *(.init8)
 *(.init8)
 *(.init9)
 .init9         0x00000066        0x4 C:/Program Files (x86)/Atmel/Studio/7.0/Packs/atmel/ATtiny_DFP/1.3.172/gcc/dev/attiny817/avrxmega3/short-calls/crtattiny817.o
 *(.init9)
 *(.text)
 .text          0x0000006a        0x2 C:/Program Files (x86)/Atmel/Studio/7.0/Packs/atmel/ATtiny_DFP/1.3.172/gcc/dev/attiny817/avrxmega3/short-calls/crtattiny817.o
                0x0000006a                __vector_22
                0x0000006a                __vector_1
                0x0000006a                __vector_24
                0x0000006a                __vector_12
                0x0000006a                __bad_interrupt
                0x0000006a                __vector_6
                0x0000006a                __vector_3
                0x0000006a                __vector_23
                0x0000006a                __vector_25
                0x0000006a                __vector_11
                0x0000006a                __vector_17
                0x0000006a                __vector_19
                0x0000006a                __vector_7
                0x0000006a                __vector_4
                0x0000006a                __vector_9
                0x0000006a                __vector_2
                0x0000006a                __vector_21
                0x0000006a                __vector_15
                0x0000006a                __vector_8
                0x0000006a                __vector_14
                0x0000006a                __vector_10
                0x0000006a                __vector_16
                0x0000006a                __vector_18
                0x0000006a                __vector_20
                0x0000006c                . = ALIGN (0x2)
 *(.text.*)
 .text.FATAL_TRAP
                0x0000006c        0xa ha-common/ha-common.o
                0x0000006c                FATAL_TRAP
 .text.ha_nlink_init
                0x00000076       0x36 ha-common/ha-nlink.o
                0x00000076                ha_nlink_init
 .text.ha_nlink_node_register
                0x000000ac       0x30 ha-common/ha-nlink.o
                0x000000ac                ha_nlink_node_register
 .text.nlink_node_on_rx
                0x000000dc       0x82 ha-common/ha-nlink.o
                0x000000dc                nlink_node_on_rx
 .text.ha_nlink_node_send
                0x0000015e       0x10 ha-common/ha-nlink.o
                0x0000015e                ha_nlink_node_send
 .text.ha_nlink_check_rx
                0x0000016e       0x64 ha-common/ha-nlink.o
                0x0000016e                ha_nlink_check_rx
 .text.ha_nlink_check_tx
                0x000001d2       0xb2 ha-common/ha-nlink.o
                0x000001d2                ha_nlink_check_tx
 .text.isr_nlink_io_on_timer
                0x00000284      0x1a2 ha-common/ha-nlink.o
                0x00000284                isr_nlink_io_on_timer
 .text.isr_nlink_io_on_start_edge
                0x00000426       0x2e ha-common/ha-nlink.o
                0x00000426                isr_nlink_io_on_start_edge
 .text.ha_node_ledlight_on_param
                0x00000454       0x76 ha-common/ha-node-ledlight.o
                0x00000454                ha_node_ledlight_on_param
 .text.ha_node_ledlight_off
                0x000004ca       0x56 ha-common/ha-node-ledlight.o
                0x000004ca                ha_node_ledlight_off
 .text.ledlight_on_rx
                0x00000520      0x11c ha-common/ha-node-ledlight.o
                0x00000520                ledlight_on_rx
 .text.ha_node_ledlight_dimm
                0x0000063c       0xf0 ha-common/ha-node-ledlight.o
                0x0000063c                ha_node_ledlight_dimm
 .text.ha_node_ledlight_roll
                0x0000072c       0x62 ha-common/ha-node-ledlight.o
                0x0000072c                ha_node_ledlight_roll
 .text.ha_node_ledlight_on_idle
                0x0000078e       0x90 ha-common/ha-node-ledlight.o
                0x0000078e                ha_node_ledlight_on_idle
 .text.ha_node_ledlight_create
                0x0000081e      0x16c ha-common/ha-node-ledlight.o
                0x0000081e                ha_node_ledlight_create
 .text.ha_node_ledlight_on_timer
                0x0000098a       0xca ha-common/ha-node-ledlight.o
                0x0000098a                ha_node_ledlight_on_timer
 .text.roll_on_rx
                0x00000a54       0xca ha-common/ha-node-roll.o
                0x00000a54                roll_on_rx
 .text.ha_node_roll_create
                0x00000b1e       0x8c ha-common/ha-node-roll.o
                0x00000b1e                ha_node_roll_create
 .text.ha_node_roll_on_timer
                0x00000baa       0x8a ha-common/ha-node-roll.o
                0x00000baa                ha_node_roll_on_timer
 .text.switch_on_rx
                0x00000c34        0x2 ha-common/ha-node-switch.o
                0x00000c34                switch_on_rx
 .text.ha_node_switch_create
                0x00000c36       0xaa ha-common/ha-node-switch.o
                0x00000c36                ha_node_switch_create
 .text.ha_node_switch_on_timer
                0x00000ce0      0x14e ha-common/ha-node-switch.o
                0x00000ce0                ha_node_switch_on_timer
 .text.ha_dev_base_get_in_pins
                0x00000e2e       0x26 ha-dev/ha-dev-base.o
                0x00000e2e                ha_dev_base_get_in_pins
 .text.fast_pwm_init
                0x00000e54       0x30 ha-dev/ha-dev-base.o
                0x00000e54                fast_pwm_init
 .text.ha_nlink_gpio_init
                0x00000e84       0x22 ha-dev/ha-dev-base.o
                0x00000e84                ha_nlink_gpio_init
 .text.ha_dev_base_init
                0x00000ea6       0xaa ha-dev/ha-dev-base.o
                0x00000ea6                ha_dev_base_init
 .text.ha_dev_base_set_steady
                0x00000f50       0x9a ha-dev/ha-dev-base.o
                0x00000f50                ha_dev_base_set_steady
 .text.ha_dev_base_set_fast_pwm
                0x00000fea       0x88 ha-dev/ha-dev-base.o
                0x00000fea                ha_dev_base_set_fast_pwm
 .text.__vector_5
                0x00001072       0x4e ha-dev/ha-dev-base.o
                0x00001072                __vector_5
 .text.__vector_13
                0x000010c0       0x66 ha-dev/ha-dev-base.o
                0x000010c0                __vector_13
 .text.ha_node_switch_get_pins
                0x00001126        0x2 ha-blcn.o
                0x00001126                ha_node_switch_get_pins
 .text.ha_node_roll_set_mode
                0x00001128       0x6c ha-blcn.o
                0x00001128                ha_node_roll_set_mode
 .text.ha_node_ledlight_set_intensity
                0x00001194       0x12 ha-blcn.o
                0x00001194                ha_node_ledlight_set_intensity
 .text.startup.main
                0x000011a6       0xce ha-blcn.o
                0x000011a6                main
 .text.isr_ha_app_on_timer
                0x00001274       0x56 ha-blcn.o
                0x00001274                isr_ha_app_on_timer
 .text.avr-libc
                0x000012ca       0x34 c:/program files (x86)/atmel/studio/7.0/toolchain/avr8/avr8-gnu-toolchain/bin/../lib/gcc/avr/5.4.0/../../../../avr/lib/avrxmega3/short-calls\libc.a(calloc.o)
                0x000012ca                calloc
 .text.avr-libc
                0x000012fe      0x242 c:/program files (x86)/atmel/studio/7.0/toolchain/avr8/avr8-gnu-toolchain/bin/../lib/gcc/avr/5.4.0/../../../../avr/lib/avrxmega3/short-calls\libc.a(malloc.o)
                0x000012fe                malloc
                0x0000142e                free
 .text.avr-libc
                0x00001540       0x12 c:/program files (x86)/atmel/studio/7.0/toolchain/avr8/avr8-gnu-toolchain/bin/../lib/gcc/avr/5.4.0/../../../../avr/lib/avrxmega3/short-calls\libc.a(memcpy.o)
                0x00001540                memcpy
 .text.avr-libc
                0x00001552        0xe c:/program files (x86)/atmel/studio/7.0/toolchain/avr8/avr8-gnu-toolchain/bin/../lib/gcc/avr/5.4.0/../../../../avr/lib/avrxmega3/short-calls\libc.a(memset.o)
                0x00001552                memset
 .text.avr-libc
                0x00001560        0x8 C:/Program Files (x86)/Atmel/Studio/7.0/Packs/atmel/ATtiny_DFP/1.3.172/gcc/dev/attiny817/avrxmega3/short-calls\libattiny817.a(eerd_block.o)
                0x00001560                eeprom_read_block
 .text.avr-libc
                0x00001568       0x10 C:/Program Files (x86)/Atmel/Studio/7.0/Packs/atmel/ATtiny_DFP/1.3.172/gcc/dev/attiny817/avrxmega3/short-calls\libattiny817.a(eerd_byte.o)
                0x00001568                eeprom_read_byte
                0x00001570                eeprom_mapen
                0x00001578                . = ALIGN (0x2)
 *(.fini9)
 .fini9         0x00001578        0x0 c:/program files (x86)/atmel/studio/7.0/toolchain/avr8/avr8-gnu-toolchain/bin/../lib/gcc/avr/5.4.0/avrxmega3/short-calls\libgcc.a(_exit.o)
                0x00001578                _exit
                0x00001578                exit
 *(.fini9)
 *(.fini8)
 *(.fini8)
 *(.fini7)
 *(.fini7)
 *(.fini6)
 *(.fini6)
 *(.fini5)
 *(.fini5)
 *(.fini4)
 *(.fini4)
 *(.fini3)
 *(.fini3)
 *(.fini2)
 *(.fini2)
 *(.fini1)
 *(.fini1)
 *(.fini0)
 .fini0         0x00001578        0x4 c:/program files (x86)/atmel/studio/7.0/toolchain/avr8/avr8-gnu-toolchain/bin/../lib/gcc/avr/5.4.0/avrxmega3/short-calls\libgcc.a(_exit.o)
 *(.fini0)
                0x0000157c                _etext = .

.rodata         0x0000957c       0x3f load address 0x0000157c
 *(.rodata)
 .rodata        0x0000957c       0x3f ha-blcn-config.o
                0x0000957c                blcn_roll_action
                0x0000959f                blcn_roll_cfg
                0x000095a5                blcn_ll_action
                0x000095af                blcn_ll_cfg
 *(.rodata*)
 *(.gnu.linkonce.r*)

.data           0x00803e00        0x8 load address 0x000015bb
                0x00803e00                PROVIDE (__data_start, .)
 *(.data)
 .data          0x00803e00        0x1 ha-dev/ha-dev-base.o
                0x00803e00                g_ha_nlink_timer_cnt
 .data          0x00803e01        0x6 c:/program files (x86)/atmel/studio/7.0/toolchain/avr8/avr8-gnu-toolchain/bin/../lib/gcc/avr/5.4.0/../../../../avr/lib/avrxmega3/short-calls\libc.a(malloc.o)
                0x00803e01                __malloc_heap_end
                0x00803e03                __malloc_heap_start
                0x00803e05                __malloc_margin
 *(.data*)
 *(.gnu.linkonce.d*)
                0x00803e08                . = ALIGN (0x2)
 *fill*         0x00803e07        0x1 
                0x00803e08                _edata = .
                0x00803e08                PROVIDE (__data_end, .)

.bss            0x00803e08       0x66
                0x00803e08                PROVIDE (__bss_start, .)
 *(.bss)
 .bss           0x00803e08        0xc ha-blcn.o
                0x00803e08                roll_blcn
                0x00803e0a                sw_blcn
                0x00803e0c                ll_blcn
                0x00803e0e                guc_switches_timer
                0x00803e0f                g_switches_cnt
                0x00803e11                guc_led_intenisity_timer
                0x00803e12                g_led_intensity_cnt
 *(.bss*)
 *(COMMON)
 COMMON         0x00803e14        0x2 ha-common/ha-common.o
                0x00803e14                gus_trap_line
 COMMON         0x00803e16       0x54 ha-common/ha-nlink.o
                0x00803e16                g_rx_buf
                0x00803e22                nlink
 COMMON         0x00803e6a        0x4 c:/program files (x86)/atmel/studio/7.0/toolchain/avr8/avr8-gnu-toolchain/bin/../lib/gcc/avr/5.4.0/../../../../avr/lib/avrxmega3/short-calls\libc.a(malloc.o)
                0x00803e6a                __brkval
                0x00803e6c                __flp
                0x00803e6e                PROVIDE (__bss_end, .)
                0x000015bb                __data_load_start = LOADADDR (.data)
                0x000015c3                __data_load_end = (__data_load_start + SIZEOF (.data))

.noinit         0x00803e6e        0x0
                [!provide]                PROVIDE (__noinit_start, .)
 *(.noinit*)
                [!provide]                PROVIDE (__noinit_end, .)
                0x00803e6e                _end = .
                0x00803e6e                PROVIDE (__heap_start, .)

.eeprom         0x00810000       0x28
 *(.eeprom*)
 .eeprom        0x00810000       0x15 ha-blcn-config.o
                0x00810000                blcn_roll_ch_mask
                0x00810002                blcn_leds_ch_mask
                0x00810003                blcn_sw_cfg
                0x00810005                guca_disable_roll_table
                0x0081000a                guca_dimm_on_intensity_table
 .eeprom        0x00810015       0x13 ha-dev/ha-dev-base.o
                0x00810015                guca_pwm_intensity_table
                0x00810028                __eeprom_end = .

.fuse
 *(.fuse)
 *(.lfuse)
 *(.hfuse)
 *(.efuse)

.lock
 *(.lock*)

.signature
 *(.signature*)

.user_signatures
 *(.user_signatures*)

.stab
 *(.stab)

.stabstr
 *(.stabstr)

.stab.excl
 *(.stab.excl)

.stab.exclstr
 *(.stab.exclstr)

.stab.index
 *(.stab.index)

.stab.indexstr
 *(.stab.indexstr)

.comment        0x00000000       0x30
 *(.comment)
 .comment       0x00000000       0x30 ha-blcn-config.o
                                 0x31 (size before relaxing)
 .comment       0x00000030       0x31 ha-common/ha-common.o
 .comment       0x00000030       0x31 ha-common/ha-nlink.o
 .comment       0x00000030       0x31 ha-common/ha-node-ledlight.o
 .comment       0x00000030       0x31 ha-common/ha-node-roll.o
 .comment       0x00000030       0x31 ha-common/ha-node-switch.o
 .comment       0x00000030       0x31 ha-dev/ha-dev-base.o
 .comment       0x00000030       0x31 ha-blcn.o
 .comment       0x00000030       0x31 c:/program files (x86)/atmel/studio/7.0/toolchain/avr8/avr8-gnu-toolchain/bin/../lib/gcc/avr/5.4.0/../../../../avr/lib/avrxmega3/short-calls\libc.a(calloc.o)
 .comment       0x00000030       0x31 c:/program files (x86)/atmel/studio/7.0/toolchain/avr8/avr8-gnu-toolchain/bin/../lib/gcc/avr/5.4.0/../../../../avr/lib/avrxmega3/short-calls\libc.a(malloc.o)

.note.gnu.avr.deviceinfo
                0x00000000       0x3c
 .note.gnu.avr.deviceinfo
                0x00000000       0x3c C:/Program Files (x86)/Atmel/Studio/7.0/Packs/atmel/ATtiny_DFP/1.3.172/gcc/dev/attiny817/avrxmega3/short-calls/crtattiny817.o

.note.gnu.build-id
 *(.note.gnu.build-id)

.debug
 *(.debug)

.line
 *(.line)

.debug_srcinfo
 *(.debug_srcinfo)

.debug_sfnames
 *(.debug_sfnames)

.debug_aranges  0x00000000      0x250
 *(.debug_aranges)
 .debug_aranges
                0x00000000       0x18 ha-blcn-config.o
 .debug_aranges
                0x00000018       0x20 ha-common/ha-common.o
 .debug_aranges
                0x00000038       0x60 ha-common/ha-nlink.o
 .debug_aranges
                0x00000098       0x58 ha-common/ha-node-ledlight.o
 .debug_aranges
                0x000000f0       0x30 ha-common/ha-node-roll.o
 .debug_aranges
                0x00000120       0x30 ha-common/ha-node-switch.o
 .debug_aranges
                0x00000150       0x80 ha-dev/ha-dev-base.o
 .debug_aranges
                0x000001d0       0x40 ha-blcn.o
 .debug_aranges
                0x00000210       0x20 C:/Program Files (x86)/Atmel/Studio/7.0/Packs/atmel/ATtiny_DFP/1.3.172/gcc/dev/attiny817/avrxmega3/short-calls\libattiny817.a(eerd_block.o)
 .debug_aranges
                0x00000230       0x20 C:/Program Files (x86)/Atmel/Studio/7.0/Packs/atmel/ATtiny_DFP/1.3.172/gcc/dev/attiny817/avrxmega3/short-calls\libattiny817.a(eerd_byte.o)

.debug_pubnames
 *(.debug_pubnames)

.debug_info     0x00000000     0x611b
 *(.debug_info .gnu.linkonce.wi.*)
 .debug_info    0x00000000     0x16bc C:/Program Files (x86)/Atmel/Studio/7.0/Packs/atmel/ATtiny_DFP/1.3.172/gcc/dev/attiny817/avrxmega3/short-calls/crtattiny817.o
 .debug_info    0x000016bc      0x469 ha-blcn-config.o
 .debug_info    0x00001b25       0xad ha-common/ha-common.o
 .debug_info    0x00001bd2      0xa34 ha-common/ha-nlink.o
 .debug_info    0x00002606      0xb8c ha-common/ha-node-ledlight.o
 .debug_info    0x00003192      0x61f ha-common/ha-node-roll.o
 .debug_info    0x000037b1      0x4eb ha-common/ha-node-switch.o
 .debug_info    0x00003c9c     0x18a4 ha-dev/ha-dev-base.o
 .debug_info    0x00005540      0xa5c ha-blcn.o
 .debug_info    0x00005f9c       0xc0 C:/Program Files (x86)/Atmel/Studio/7.0/Packs/atmel/ATtiny_DFP/1.3.172/gcc/dev/attiny817/avrxmega3/short-calls\libattiny817.a(eerd_block.o)
 .debug_info    0x0000605c       0xbf C:/Program Files (x86)/Atmel/Studio/7.0/Packs/atmel/ATtiny_DFP/1.3.172/gcc/dev/attiny817/avrxmega3/short-calls\libattiny817.a(eerd_byte.o)

.debug_abbrev   0x00000000     0x2637
 *(.debug_abbrev)
 .debug_abbrev  0x00000000     0x1582 C:/Program Files (x86)/Atmel/Studio/7.0/Packs/atmel/ATtiny_DFP/1.3.172/gcc/dev/attiny817/avrxmega3/short-calls/crtattiny817.o
 .debug_abbrev  0x00001582       0xad ha-blcn-config.o
 .debug_abbrev  0x0000162f       0x76 ha-common/ha-common.o
 .debug_abbrev  0x000016a5      0x3e6 ha-common/ha-nlink.o
 .debug_abbrev  0x00001a8b      0x2c6 ha-common/ha-node-ledlight.o
 .debug_abbrev  0x00001d51      0x25b ha-common/ha-node-roll.o
 .debug_abbrev  0x00001fac      0x1e5 ha-common/ha-node-switch.o
 .debug_abbrev  0x00002191      0x279 ha-dev/ha-dev-base.o
 .debug_abbrev  0x0000240a      0x205 ha-blcn.o
 .debug_abbrev  0x0000260f       0x14 C:/Program Files (x86)/Atmel/Studio/7.0/Packs/atmel/ATtiny_DFP/1.3.172/gcc/dev/attiny817/avrxmega3/short-calls\libattiny817.a(eerd_block.o)
 .debug_abbrev  0x00002623       0x14 C:/Program Files (x86)/Atmel/Studio/7.0/Packs/atmel/ATtiny_DFP/1.3.172/gcc/dev/attiny817/avrxmega3/short-calls\libattiny817.a(eerd_byte.o)

.debug_line     0x00000000     0x1f7a
 *(.debug_line .debug_line.* .debug_line_end)
 .debug_line    0x00000000      0x136 C:/Program Files (x86)/Atmel/Studio/7.0/Packs/atmel/ATtiny_DFP/1.3.172/gcc/dev/attiny817/avrxmega3/short-calls/crtattiny817.o
 .debug_line    0x00000136       0xde ha-blcn-config.o
 .debug_line    0x00000214       0xac ha-common/ha-common.o
 .debug_line    0x000002c0      0x552 ha-common/ha-nlink.o
 .debug_line    0x00000812      0x709 ha-common/ha-node-ledlight.o
 .debug_line    0x00000f1b      0x289 ha-common/ha-node-roll.o
 .debug_line    0x000011a4      0x3a0 ha-common/ha-node-switch.o
 .debug_line    0x00001544      0x665 ha-dev/ha-dev-base.o
 .debug_line    0x00001ba9      0x2f5 ha-blcn.o
 .debug_line    0x00001e9e       0x60 C:/Program Files (x86)/Atmel/Studio/7.0/Packs/atmel/ATtiny_DFP/1.3.172/gcc/dev/attiny817/avrxmega3/short-calls\libattiny817.a(eerd_block.o)
 .debug_line    0x00001efe       0x7c C:/Program Files (x86)/Atmel/Studio/7.0/Packs/atmel/ATtiny_DFP/1.3.172/gcc/dev/attiny817/avrxmega3/short-calls\libattiny817.a(eerd_byte.o)

.debug_frame    0x00000000      0x5cc
 *(.debug_frame)
 .debug_frame   0x00000000       0x24 ha-common/ha-common.o
 .debug_frame   0x00000024      0x100 ha-common/ha-nlink.o
 .debug_frame   0x00000124      0x17c ha-common/ha-node-ledlight.o
 .debug_frame   0x000002a0       0xa4 ha-common/ha-node-roll.o
 .debug_frame   0x00000344       0x80 ha-common/ha-node-switch.o
 .debug_frame   0x000003c4      0x18c ha-dev/ha-dev-base.o
 .debug_frame   0x00000550       0x7c ha-blcn.o

.debug_str      0x00000000     0x22bc
 *(.debug_str)
 .debug_str     0x00000000      0x9a7 C:/Program Files (x86)/Atmel/Studio/7.0/Packs/atmel/ATtiny_DFP/1.3.172/gcc/dev/attiny817/avrxmega3/short-calls/crtattiny817.o
 .debug_str     0x000009a7      0x4f9 ha-blcn-config.o
                                0x53e (size before relaxing)
 .debug_str     0x00000ea0       0x3e ha-common/ha-common.o
                                0x191 (size before relaxing)
 .debug_str     0x00000ede      0x4df ha-common/ha-nlink.o
                                0x67b (size before relaxing)
 .debug_str     0x000013bd      0x2d7 ha-common/ha-node-ledlight.o
                                0x699 (size before relaxing)
 .debug_str     0x00001694      0x11c ha-common/ha-node-roll.o
                                0x492 (size before relaxing)
 .debug_str     0x000017b0      0x135 ha-common/ha-node-switch.o
                                0x3bd (size before relaxing)
 .debug_str     0x000018e5      0x946 ha-dev/ha-dev-base.o
                                0xd3e (size before relaxing)
 .debug_str     0x0000222b       0x91 ha-blcn.o
                                0x8f8 (size before relaxing)

.debug_loc      0x00000000     0x21f7
 *(.debug_loc)
 .debug_loc     0x00000000      0x417 ha-common/ha-nlink.o
 .debug_loc     0x00000417      0xf2a ha-common/ha-node-ledlight.o
 .debug_loc     0x00001341      0x56c ha-common/ha-node-roll.o
 .debug_loc     0x000018ad      0x40d ha-common/ha-node-switch.o
 .debug_loc     0x00001cba      0x3b0 ha-dev/ha-dev-base.o
 .debug_loc     0x0000206a      0x18d ha-blcn.o

.debug_macinfo
 *(.debug_macinfo)

.debug_weaknames
 *(.debug_weaknames)

.debug_funcnames
 *(.debug_funcnames)

.debug_typenames
 *(.debug_typenames)

.debug_varnames
 *(.debug_varnames)

.debug_pubtypes
 *(.debug_pubtypes)

.debug_ranges   0x00000000      0x3c8
 *(.debug_ranges)
 .debug_ranges  0x00000000       0x10 ha-common/ha-common.o
 .debug_ranges  0x00000010      0x160 ha-common/ha-nlink.o
 .debug_ranges  0x00000170       0xe8 ha-common/ha-node-ledlight.o
 .debug_ranges  0x00000258       0x78 ha-common/ha-node-roll.o
 .debug_ranges  0x000002d0       0x58 ha-common/ha-node-switch.o
 .debug_ranges  0x00000328       0x70 ha-dev/ha-dev-base.o
 .debug_ranges  0x00000398       0x30 ha-blcn.o

.debug_macro
 *(.debug_macro)
OUTPUT(ha-blcn.elf elf32-avr)
LOAD linker stubs

.config_param   0x00810010        0x0
