Archive member included to satisfy reference by file (symbol)

c:/program files (x86)/atmel/studio/7.0/toolchain/avr8/avr8-gnu-toolchain/bin/../lib/gcc/avr/5.4.0/avrxmega3/short-calls\libgcc.a(_exit.o)
                              C:/Program Files (x86)/Atmel/Studio/7.0/Packs/atmel/ATtiny_DFP/1.3.172/gcc/dev/attiny817/avrxmega3/short-calls/crtattiny817.o (exit)
c:/program files (x86)/atmel/studio/7.0/toolchain/avr8/avr8-gnu-toolchain/bin/../lib/gcc/avr/5.4.0/avrxmega3/short-calls\libgcc.a(_copy_data.o)
                              ha-dev/ha-dev-base.o (__do_copy_data)
c:/program files (x86)/atmel/studio/7.0/toolchain/avr8/avr8-gnu-toolchain/bin/../lib/gcc/avr/5.4.0/avrxmega3/short-calls\libgcc.a(_clear_bss.o)
                              ha-common/ha-common.o (__do_clear_bss)
c:/program files (x86)/atmel/studio/7.0/toolchain/avr8/avr8-gnu-toolchain/bin/../lib/gcc/avr/5.4.0/../../../../avr/lib/avrxmega3/short-calls\libc.a(calloc.o)
                              ha-common/ha-node-ledlight.o (calloc)
c:/program files (x86)/atmel/studio/7.0/toolchain/avr8/avr8-gnu-toolchain/bin/../lib/gcc/avr/5.4.0/../../../../avr/lib/avrxmega3/short-calls\libc.a(malloc.o)
                              c:/program files (x86)/atmel/studio/7.0/toolchain/avr8/avr8-gnu-toolchain/bin/../lib/gcc/avr/5.4.0/../../../../avr/lib/avrxmega3/short-calls\libc.a(calloc.o) (malloc)
c:/program files (x86)/atmel/studio/7.0/toolchain/avr8/avr8-gnu-toolchain/bin/../lib/gcc/avr/5.4.0/../../../../avr/lib/avrxmega3/short-calls\libc.a(memcpy.o)
                              ha-common/ha-nlink.o (memcpy)
c:/program files (x86)/atmel/studio/7.0/toolchain/avr8/avr8-gnu-toolchain/bin/../lib/gcc/avr/5.4.0/../../../../avr/lib/avrxmega3/short-calls\libc.a(memset.o)
                              c:/program files (x86)/atmel/studio/7.0/toolchain/avr8/avr8-gnu-toolchain/bin/../lib/gcc/avr/5.4.0/../../../../avr/lib/avrxmega3/short-calls\libc.a(calloc.o) (memset)

Allocating common symbols
Common symbol       size              file

__brkval            0x2               c:/program files (x86)/atmel/studio/7.0/toolchain/avr8/avr8-gnu-toolchain/bin/../lib/gcc/avr/5.4.0/../../../../avr/lib/avrxmega3/short-calls\libc.a(malloc.o)
guc_eeprom_save_flags
                    0x1               ha-common/ha-node-ledlight.o
gus_trap_line       0x2               ha-common/ha-common.o
__flp               0x2               c:/program files (x86)/atmel/studio/7.0/toolchain/avr8/avr8-gnu-toolchain/bin/../lib/gcc/avr/5.4.0/../../../../avr/lib/avrxmega3/short-calls\libc.a(malloc.o)
nlink               0xdb              ha-common/ha-nlink.o
guc_curr_led_mode   0x1               ha-mainlight.o
guc_sw_event_mask   0x1               ha-mainlight.o

Discarded input sections

 .data          0x00000000        0x0 C:/Program Files (x86)/Atmel/Studio/7.0/Packs/atmel/ATtiny_DFP/1.3.172/gcc/dev/attiny817/avrxmega3/short-calls/crtattiny817.o
 .bss           0x00000000        0x0 C:/Program Files (x86)/Atmel/Studio/7.0/Packs/atmel/ATtiny_DFP/1.3.172/gcc/dev/attiny817/avrxmega3/short-calls/crtattiny817.o
 .text          0x00000000        0x0 ha-ceil-config.o
 .data          0x00000000        0x0 ha-ceil-config.o
 .bss           0x00000000        0x0 ha-ceil-config.o
 .text          0x00000000        0x0 ha-common/ha-common.o
 .data          0x00000000        0x0 ha-common/ha-common.o
 .bss           0x00000000        0x0 ha-common/ha-common.o
 .text          0x00000000        0x0 ha-common/ha-nlink.o
 .data          0x00000000        0x0 ha-common/ha-nlink.o
 .bss           0x00000000        0x0 ha-common/ha-nlink.o
 .text.ha_nlink_on_tx_default
                0x00000000       0x46 ha-common/ha-nlink.o
 .text          0x00000000        0x0 ha-common/ha-node-ledlight.o
 .data          0x00000000        0x0 ha-common/ha-node-ledlight.o
 .bss           0x00000000        0x0 ha-common/ha-node-ledlight.o
 .text.ha_node_ledlight_on
                0x00000000        0x4 ha-common/ha-node-ledlight.o
 COMMON         0x00000000        0x1 ha-common/ha-node-ledlight.o
 .text          0x00000000        0x0 ha-common/ha-node-switch.o
 .data          0x00000000        0x0 ha-common/ha-node-switch.o
 .bss           0x00000000        0x0 ha-common/ha-node-switch.o
 .text          0x00000000        0x0 ha-dev/ha-dev-base.o
 .bss           0x00000000        0x0 ha-dev/ha-dev-base.o
 .text.in_gpio_init
                0x00000000       0x46 ha-dev/ha-dev-base.o
 .text.out_gpio_init
                0x00000000       0x54 ha-dev/ha-dev-base.o
 .text.slow_pwm_init
                0x00000000       0x5c ha-dev/ha-dev-base.o
 .text.timer_init
                0x00000000       0x1c ha-dev/ha-dev-base.o
 .text.ha_dev_base_set_slow_pwm
                0x00000000       0x4a ha-dev/ha-dev-base.o
 .text          0x00000000        0x0 ha-mainlight.o
 .data          0x00000000        0x0 ha-mainlight.o
 .config_param  0x00000000        0x3 ha-mainlight.o
 COMMON         0x00000000        0x2 ha-mainlight.o
 .text          0x00000000        0x0 ha-mainlight-const.o
 .data          0x00000000        0x0 ha-mainlight-const.o
 .bss           0x00000000        0x0 ha-mainlight-const.o
 .text          0x00000000        0x0 c:/program files (x86)/atmel/studio/7.0/toolchain/avr8/avr8-gnu-toolchain/bin/../lib/gcc/avr/5.4.0/avrxmega3/short-calls\libgcc.a(_exit.o)
 .data          0x00000000        0x0 c:/program files (x86)/atmel/studio/7.0/toolchain/avr8/avr8-gnu-toolchain/bin/../lib/gcc/avr/5.4.0/avrxmega3/short-calls\libgcc.a(_exit.o)
 .bss           0x00000000        0x0 c:/program files (x86)/atmel/studio/7.0/toolchain/avr8/avr8-gnu-toolchain/bin/../lib/gcc/avr/5.4.0/avrxmega3/short-calls\libgcc.a(_exit.o)
 .text.libgcc.mul
                0x00000000        0x0 c:/program files (x86)/atmel/studio/7.0/toolchain/avr8/avr8-gnu-toolchain/bin/../lib/gcc/avr/5.4.0/avrxmega3/short-calls\libgcc.a(_exit.o)
 .text.libgcc.div
                0x00000000        0x0 c:/program files (x86)/atmel/studio/7.0/toolchain/avr8/avr8-gnu-toolchain/bin/../lib/gcc/avr/5.4.0/avrxmega3/short-calls\libgcc.a(_exit.o)
 .text.libgcc   0x00000000        0x0 c:/program files (x86)/atmel/studio/7.0/toolchain/avr8/avr8-gnu-toolchain/bin/../lib/gcc/avr/5.4.0/avrxmega3/short-calls\libgcc.a(_exit.o)
 .text.libgcc.prologue
                0x00000000        0x0 c:/program files (x86)/atmel/studio/7.0/toolchain/avr8/avr8-gnu-toolchain/bin/../lib/gcc/avr/5.4.0/avrxmega3/short-calls\libgcc.a(_exit.o)
 .text.libgcc.builtins
                0x00000000        0x0 c:/program files (x86)/atmel/studio/7.0/toolchain/avr8/avr8-gnu-toolchain/bin/../lib/gcc/avr/5.4.0/avrxmega3/short-calls\libgcc.a(_exit.o)
 .text.libgcc.fmul
                0x00000000        0x0 c:/program files (x86)/atmel/studio/7.0/toolchain/avr8/avr8-gnu-toolchain/bin/../lib/gcc/avr/5.4.0/avrxmega3/short-calls\libgcc.a(_exit.o)
 .text.libgcc.fixed
                0x00000000        0x0 c:/program files (x86)/atmel/studio/7.0/toolchain/avr8/avr8-gnu-toolchain/bin/../lib/gcc/avr/5.4.0/avrxmega3/short-calls\libgcc.a(_exit.o)
 .text          0x00000000        0x0 c:/program files (x86)/atmel/studio/7.0/toolchain/avr8/avr8-gnu-toolchain/bin/../lib/gcc/avr/5.4.0/avrxmega3/short-calls\libgcc.a(_copy_data.o)
 .data          0x00000000        0x0 c:/program files (x86)/atmel/studio/7.0/toolchain/avr8/avr8-gnu-toolchain/bin/../lib/gcc/avr/5.4.0/avrxmega3/short-calls\libgcc.a(_copy_data.o)
 .bss           0x00000000        0x0 c:/program files (x86)/atmel/studio/7.0/toolchain/avr8/avr8-gnu-toolchain/bin/../lib/gcc/avr/5.4.0/avrxmega3/short-calls\libgcc.a(_copy_data.o)
 .text.libgcc.mul
                0x00000000        0x0 c:/program files (x86)/atmel/studio/7.0/toolchain/avr8/avr8-gnu-toolchain/bin/../lib/gcc/avr/5.4.0/avrxmega3/short-calls\libgcc.a(_copy_data.o)
 .text.libgcc.div
                0x00000000        0x0 c:/program files (x86)/atmel/studio/7.0/toolchain/avr8/avr8-gnu-toolchain/bin/../lib/gcc/avr/5.4.0/avrxmega3/short-calls\libgcc.a(_copy_data.o)
 .text.libgcc   0x00000000        0x0 c:/program files (x86)/atmel/studio/7.0/toolchain/avr8/avr8-gnu-toolchain/bin/../lib/gcc/avr/5.4.0/avrxmega3/short-calls\libgcc.a(_copy_data.o)
 .text.libgcc.prologue
                0x00000000        0x0 c:/program files (x86)/atmel/studio/7.0/toolchain/avr8/avr8-gnu-toolchain/bin/../lib/gcc/avr/5.4.0/avrxmega3/short-calls\libgcc.a(_copy_data.o)
 .text.libgcc.builtins
                0x00000000        0x0 c:/program files (x86)/atmel/studio/7.0/toolchain/avr8/avr8-gnu-toolchain/bin/../lib/gcc/avr/5.4.0/avrxmega3/short-calls\libgcc.a(_copy_data.o)
 .text.libgcc.fmul
                0x00000000        0x0 c:/program files (x86)/atmel/studio/7.0/toolchain/avr8/avr8-gnu-toolchain/bin/../lib/gcc/avr/5.4.0/avrxmega3/short-calls\libgcc.a(_copy_data.o)
 .text.libgcc.fixed
                0x00000000        0x0 c:/program files (x86)/atmel/studio/7.0/toolchain/avr8/avr8-gnu-toolchain/bin/../lib/gcc/avr/5.4.0/avrxmega3/short-calls\libgcc.a(_copy_data.o)
 .text          0x00000000        0x0 c:/program files (x86)/atmel/studio/7.0/toolchain/avr8/avr8-gnu-toolchain/bin/../lib/gcc/avr/5.4.0/avrxmega3/short-calls\libgcc.a(_clear_bss.o)
 .data          0x00000000        0x0 c:/program files (x86)/atmel/studio/7.0/toolchain/avr8/avr8-gnu-toolchain/bin/../lib/gcc/avr/5.4.0/avrxmega3/short-calls\libgcc.a(_clear_bss.o)
 .bss           0x00000000        0x0 c:/program files (x86)/atmel/studio/7.0/toolchain/avr8/avr8-gnu-toolchain/bin/../lib/gcc/avr/5.4.0/avrxmega3/short-calls\libgcc.a(_clear_bss.o)
 .text.libgcc.mul
                0x00000000        0x0 c:/program files (x86)/atmel/studio/7.0/toolchain/avr8/avr8-gnu-toolchain/bin/../lib/gcc/avr/5.4.0/avrxmega3/short-calls\libgcc.a(_clear_bss.o)
 .text.libgcc.div
                0x00000000        0x0 c:/program files (x86)/atmel/studio/7.0/toolchain/avr8/avr8-gnu-toolchain/bin/../lib/gcc/avr/5.4.0/avrxmega3/short-calls\libgcc.a(_clear_bss.o)
 .text.libgcc   0x00000000        0x0 c:/program files (x86)/atmel/studio/7.0/toolchain/avr8/avr8-gnu-toolchain/bin/../lib/gcc/avr/5.4.0/avrxmega3/short-calls\libgcc.a(_clear_bss.o)
 .text.libgcc.prologue
                0x00000000        0x0 c:/program files (x86)/atmel/studio/7.0/toolchain/avr8/avr8-gnu-toolchain/bin/../lib/gcc/avr/5.4.0/avrxmega3/short-calls\libgcc.a(_clear_bss.o)
 .text.libgcc.builtins
                0x00000000        0x0 c:/program files (x86)/atmel/studio/7.0/toolchain/avr8/avr8-gnu-toolchain/bin/../lib/gcc/avr/5.4.0/avrxmega3/short-calls\libgcc.a(_clear_bss.o)
 .text.libgcc.fmul
                0x00000000        0x0 c:/program files (x86)/atmel/studio/7.0/toolchain/avr8/avr8-gnu-toolchain/bin/../lib/gcc/avr/5.4.0/avrxmega3/short-calls\libgcc.a(_clear_bss.o)
 .text.libgcc.fixed
                0x00000000        0x0 c:/program files (x86)/atmel/studio/7.0/toolchain/avr8/avr8-gnu-toolchain/bin/../lib/gcc/avr/5.4.0/avrxmega3/short-calls\libgcc.a(_clear_bss.o)
 .text          0x00000000        0x0 c:/program files (x86)/atmel/studio/7.0/toolchain/avr8/avr8-gnu-toolchain/bin/../lib/gcc/avr/5.4.0/../../../../avr/lib/avrxmega3/short-calls\libc.a(calloc.o)
 .data          0x00000000        0x0 c:/program files (x86)/atmel/studio/7.0/toolchain/avr8/avr8-gnu-toolchain/bin/../lib/gcc/avr/5.4.0/../../../../avr/lib/avrxmega3/short-calls\libc.a(calloc.o)
 .bss           0x00000000        0x0 c:/program files (x86)/atmel/studio/7.0/toolchain/avr8/avr8-gnu-toolchain/bin/../lib/gcc/avr/5.4.0/../../../../avr/lib/avrxmega3/short-calls\libc.a(calloc.o)
 .text          0x00000000        0x0 c:/program files (x86)/atmel/studio/7.0/toolchain/avr8/avr8-gnu-toolchain/bin/../lib/gcc/avr/5.4.0/../../../../avr/lib/avrxmega3/short-calls\libc.a(malloc.o)
 .bss           0x00000000        0x0 c:/program files (x86)/atmel/studio/7.0/toolchain/avr8/avr8-gnu-toolchain/bin/../lib/gcc/avr/5.4.0/../../../../avr/lib/avrxmega3/short-calls\libc.a(malloc.o)
 .text          0x00000000        0x0 c:/program files (x86)/atmel/studio/7.0/toolchain/avr8/avr8-gnu-toolchain/bin/../lib/gcc/avr/5.4.0/../../../../avr/lib/avrxmega3/short-calls\libc.a(memcpy.o)
 .data          0x00000000        0x0 c:/program files (x86)/atmel/studio/7.0/toolchain/avr8/avr8-gnu-toolchain/bin/../lib/gcc/avr/5.4.0/../../../../avr/lib/avrxmega3/short-calls\libc.a(memcpy.o)
 .bss           0x00000000        0x0 c:/program files (x86)/atmel/studio/7.0/toolchain/avr8/avr8-gnu-toolchain/bin/../lib/gcc/avr/5.4.0/../../../../avr/lib/avrxmega3/short-calls\libc.a(memcpy.o)
 .text          0x00000000        0x0 c:/program files (x86)/atmel/studio/7.0/toolchain/avr8/avr8-gnu-toolchain/bin/../lib/gcc/avr/5.4.0/../../../../avr/lib/avrxmega3/short-calls\libc.a(memset.o)
 .data          0x00000000        0x0 c:/program files (x86)/atmel/studio/7.0/toolchain/avr8/avr8-gnu-toolchain/bin/../lib/gcc/avr/5.4.0/../../../../avr/lib/avrxmega3/short-calls\libc.a(memset.o)
 .bss           0x00000000        0x0 c:/program files (x86)/atmel/studio/7.0/toolchain/avr8/avr8-gnu-toolchain/bin/../lib/gcc/avr/5.4.0/../../../../avr/lib/avrxmega3/short-calls\libc.a(memset.o)

Memory Configuration

Name             Origin             Length             Attributes
text             0x00000000         0x00100000         xr
data             0x00802000         0x0000ffa0         rw !x
eeprom           0x00810000         0x00010000         rw !x
fuse             0x00820000         0x00000009         rw !x
lock             0x00830000         0x00000400         rw !x
signature        0x00840000         0x00000400         rw !x
user_signatures  0x00850000         0x00000400         rw !x
*default*        0x00000000         0xffffffff

Linker script and memory map

Address of section .data set to 0x803e00
                0x00008000                __RODATA_PM_OFFSET__ = 0x8000
LOAD C:/Program Files (x86)/Atmel/Studio/7.0/Packs/atmel/ATtiny_DFP/1.3.172/gcc/dev/attiny817/avrxmega3/short-calls/crtattiny817.o
LOAD ha-ceil-config.o
LOAD ha-common/ha-common.o
LOAD ha-common/ha-nlink.o
LOAD ha-common/ha-node-ledlight.o
LOAD ha-common/ha-node-switch.o
LOAD ha-dev/ha-dev-base.o
LOAD ha-mainlight.o
LOAD ha-mainlight-const.o
START GROUP
LOAD c:/program files (x86)/atmel/studio/7.0/toolchain/avr8/avr8-gnu-toolchain/bin/../lib/gcc/avr/5.4.0/../../../../avr/lib/avrxmega3/short-calls\libm.a
END GROUP
Address of section .config_param set to 0x810010
START GROUP
LOAD c:/program files (x86)/atmel/studio/7.0/toolchain/avr8/avr8-gnu-toolchain/bin/../lib/gcc/avr/5.4.0/avrxmega3/short-calls\libgcc.a
LOAD c:/program files (x86)/atmel/studio/7.0/toolchain/avr8/avr8-gnu-toolchain/bin/../lib/gcc/avr/5.4.0/../../../../avr/lib/avrxmega3/short-calls\libm.a
LOAD c:/program files (x86)/atmel/studio/7.0/toolchain/avr8/avr8-gnu-toolchain/bin/../lib/gcc/avr/5.4.0/../../../../avr/lib/avrxmega3/short-calls\libc.a
LOAD C:/Program Files (x86)/Atmel/Studio/7.0/Packs/atmel/ATtiny_DFP/1.3.172/gcc/dev/attiny817/avrxmega3/short-calls\libattiny817.a
END GROUP
                0x00000000                __TEXT_REGION_ORIGIN__ = DEFINED (__TEXT_REGION_ORIGIN__)?__TEXT_REGION_ORIGIN__:0x0
                0x00802000                __DATA_REGION_ORIGIN__ = DEFINED (__DATA_REGION_ORIGIN__)?__DATA_REGION_ORIGIN__:0x802000
                0x00100000                __TEXT_REGION_LENGTH__ = DEFINED (__TEXT_REGION_LENGTH__)?__TEXT_REGION_LENGTH__:0x100000
                0x0000ffa0                __DATA_REGION_LENGTH__ = DEFINED (__DATA_REGION_LENGTH__)?__DATA_REGION_LENGTH__:0xffa0
                0x00010000                __EEPROM_REGION_LENGTH__ = DEFINED (__EEPROM_REGION_LENGTH__)?__EEPROM_REGION_LENGTH__:0x10000
                [0x00000009]                __FUSE_REGION_LENGTH__ = DEFINED (__FUSE_REGION_LENGTH__)?__FUSE_REGION_LENGTH__:0x400
                0x00000400                __LOCK_REGION_LENGTH__ = DEFINED (__LOCK_REGION_LENGTH__)?__LOCK_REGION_LENGTH__:0x400
                0x00000400                __SIGNATURE_REGION_LENGTH__ = DEFINED (__SIGNATURE_REGION_LENGTH__)?__SIGNATURE_REGION_LENGTH__:0x400
                0x00000400                __USER_SIGNATURE_REGION_LENGTH__ = DEFINED (__USER_SIGNATURE_REGION_LENGTH__)?__USER_SIGNATURE_REGION_LENGTH__:0x400
                0x00008000                __RODATA_PM_OFFSET__ = DEFINED (__RODATA_PM_OFFSET__)?__RODATA_PM_OFFSET__:0x8000

.hash
 *(.hash)

.dynsym
 *(.dynsym)

.dynstr
 *(.dynstr)

.gnu.version
 *(.gnu.version)

.gnu.version_d
 *(.gnu.version_d)

.gnu.version_r
 *(.gnu.version_r)

.rel.init
 *(.rel.init)

.rela.init
 *(.rela.init)

.rel.text
 *(.rel.text)
 *(.rel.text.*)
 *(.rel.gnu.linkonce.t*)

.rela.text
 *(.rela.text)
 *(.rela.text.*)
 *(.rela.gnu.linkonce.t*)

.rel.fini
 *(.rel.fini)

.rela.fini
 *(.rela.fini)

.rel.rodata
 *(.rel.rodata)
 *(.rel.rodata.*)
 *(.rel.gnu.linkonce.r*)

.rela.rodata
 *(.rela.rodata)
 *(.rela.rodata.*)
 *(.rela.gnu.linkonce.r*)

.rel.data
 *(.rel.data)
 *(.rel.data.*)
 *(.rel.gnu.linkonce.d*)

.rela.data
 *(.rela.data)
 *(.rela.data.*)
 *(.rela.gnu.linkonce.d*)

.rel.ctors
 *(.rel.ctors)

.rela.ctors
 *(.rela.ctors)

.rel.dtors
 *(.rel.dtors)

.rela.dtors
 *(.rela.dtors)

.rel.got
 *(.rel.got)

.rela.got
 *(.rela.got)

.rel.bss
 *(.rel.bss)

.rela.bss
 *(.rela.bss)

.rel.plt
 *(.rel.plt)

.rela.plt
 *(.rela.plt)

.text           0x00000000     0x13e0
 *(.vectors)
 .vectors       0x00000000       0x34 C:/Program Files (x86)/Atmel/Studio/7.0/Packs/atmel/ATtiny_DFP/1.3.172/gcc/dev/attiny817/avrxmega3/short-calls/crtattiny817.o
                0x00000000                __vector_default
                0x00000000                __vectors
 *(.vectors)
 *(.progmem.gcc*)
                0x00000034                . = ALIGN (0x2)
                0x00000034                __trampolines_start = .
 *(.trampolines)
 .trampolines   0x00000034        0x0 linker stubs
 *(.trampolines*)
                0x00000034                __trampolines_end = .
 *libprintf_flt.a:*(.progmem.data)
 *libc.a:*(.progmem.data)
 *(.progmem*)
                0x00000034                . = ALIGN (0x2)
 *(.jumptables)
 *(.jumptables*)
 *(.lowtext)
 *(.lowtext*)
                0x00000034                __ctors_start = .
 *(.ctors)
                0x00000034                __ctors_end = .
                0x00000034                __dtors_start = .
 *(.dtors)
                0x00000034                __dtors_end = .
 SORT(*)(.ctors)
 SORT(*)(.dtors)
 *(.init0)
 .init0         0x00000034        0x0 C:/Program Files (x86)/Atmel/Studio/7.0/Packs/atmel/ATtiny_DFP/1.3.172/gcc/dev/attiny817/avrxmega3/short-calls/crtattiny817.o
                0x00000034                __init
 *(.init0)
 *(.init1)
 *(.init1)
 *(.init2)
 .init2         0x00000034        0xc C:/Program Files (x86)/Atmel/Studio/7.0/Packs/atmel/ATtiny_DFP/1.3.172/gcc/dev/attiny817/avrxmega3/short-calls/crtattiny817.o
 *(.init2)
 *(.init3)
 *(.init3)
 *(.init4)
 .init4         0x00000040       0x16 c:/program files (x86)/atmel/studio/7.0/toolchain/avr8/avr8-gnu-toolchain/bin/../lib/gcc/avr/5.4.0/avrxmega3/short-calls\libgcc.a(_copy_data.o)
                0x00000040                __do_copy_data
 .init4         0x00000056       0x10 c:/program files (x86)/atmel/studio/7.0/toolchain/avr8/avr8-gnu-toolchain/bin/../lib/gcc/avr/5.4.0/avrxmega3/short-calls\libgcc.a(_clear_bss.o)
                0x00000056                __do_clear_bss
 *(.init4)
 *(.init5)
 *(.init5)
 *(.init6)
 *(.init6)
 *(.init7)
 *(.init7)
 *(.init8)
 *(.init8)
 *(.init9)
 .init9         0x00000066        0x4 C:/Program Files (x86)/Atmel/Studio/7.0/Packs/atmel/ATtiny_DFP/1.3.172/gcc/dev/attiny817/avrxmega3/short-calls/crtattiny817.o
 *(.init9)
 *(.text)
 .text          0x0000006a        0x2 C:/Program Files (x86)/Atmel/Studio/7.0/Packs/atmel/ATtiny_DFP/1.3.172/gcc/dev/attiny817/avrxmega3/short-calls/crtattiny817.o
                0x0000006a                __vector_22
                0x0000006a                __vector_1
                0x0000006a                __vector_24
                0x0000006a                __vector_12
                0x0000006a                __bad_interrupt
                0x0000006a                __vector_6
                0x0000006a                __vector_3
                0x0000006a                __vector_23
                0x0000006a                __vector_25
                0x0000006a                __vector_11
                0x0000006a                __vector_17
                0x0000006a                __vector_19
                0x0000006a                __vector_7
                0x0000006a                __vector_4
                0x0000006a                __vector_9
                0x0000006a                __vector_2
                0x0000006a                __vector_21
                0x0000006a                __vector_15
                0x0000006a                __vector_8
                0x0000006a                __vector_14
                0x0000006a                __vector_10
                0x0000006a                __vector_16
                0x0000006a                __vector_18
                0x0000006a                __vector_20
                0x0000006c                . = ALIGN (0x2)
 *(.text.*)
 .text.FATAL_TRAP
                0x0000006c        0xa ha-common/ha-common.o
                0x0000006c                FATAL_TRAP
 .text.ha_nlink_init
                0x00000076       0x40 ha-common/ha-nlink.o
                0x00000076                ha_nlink_init
 .text.ha_nlink_node_register
                0x000000b6       0x68 ha-common/ha-nlink.o
                0x000000b6                ha_nlink_node_register
 .text.nlink_node_on_rx
                0x0000011e       0x80 ha-common/ha-nlink.o
                0x0000011e                nlink_node_on_rx
 .text.ha_nlink_node_send
                0x0000019e       0x10 ha-common/ha-nlink.o
                0x0000019e                ha_nlink_node_send
 .text.ha_nlink_check_rx
                0x000001ae       0x7e ha-common/ha-nlink.o
                0x000001ae                ha_nlink_check_rx
 .text.ha_nlink_check_tx
                0x0000022c       0xcc ha-common/ha-nlink.o
                0x0000022c                ha_nlink_check_tx
 .text.isr_nlink_io_on_timer
                0x000002f8      0x1a2 ha-common/ha-nlink.o
                0x000002f8                isr_nlink_io_on_timer
 .text.isr_nlink_io_on_start_edge
                0x0000049a       0x2e ha-common/ha-nlink.o
                0x0000049a                isr_nlink_io_on_start_edge
 .text.ha_node_ledlight_on_param
                0x000004c8       0x80 ha-common/ha-node-ledlight.o
                0x000004c8                ha_node_ledlight_on_param
 .text.ha_node_ledlight_off
                0x00000548       0x60 ha-common/ha-node-ledlight.o
                0x00000548                ha_node_ledlight_off
 .text.ha_node_ledlight_dimm
                0x000005a8       0xf4 ha-common/ha-node-ledlight.o
                0x000005a8                ha_node_ledlight_dimm
 .text.ha_node_ledlight_roll
                0x0000069c       0x6c ha-common/ha-node-ledlight.o
                0x0000069c                ha_node_ledlight_roll
 .text.sw_behavior_control
                0x00000708       0xc0 ha-common/ha-node-ledlight.o
                0x00000708                sw_behavior_control
 .text.ledlight_on_rx
                0x000007c8      0x102 ha-common/ha-node-ledlight.o
                0x000007c8                ledlight_on_rx
 .text.ha_node_ledlight_create
                0x000008ca      0x152 ha-common/ha-node-ledlight.o
                0x000008ca                ha_node_ledlight_create
 .text.ha_node_ledlight_on_timer
                0x00000a1c       0xca ha-common/ha-node-ledlight.o
                0x00000a1c                ha_node_ledlight_on_timer
 .text.switch_on_rx
                0x00000ae6        0x2 ha-common/ha-node-switch.o
                0x00000ae6                switch_on_rx
 .text.ha_node_switch_create
                0x00000ae8       0xb0 ha-common/ha-node-switch.o
                0x00000ae8                ha_node_switch_create
 .text.ha_node_switch_on_timer
                0x00000b98      0x14e ha-common/ha-node-switch.o
                0x00000b98                ha_node_switch_on_timer
 .text.ha_dev_base_get_in_pins
                0x00000ce6       0x26 ha-dev/ha-dev-base.o
                0x00000ce6                ha_dev_base_get_in_pins
 .text.fast_pwm_init
                0x00000d0c       0x30 ha-dev/ha-dev-base.o
                0x00000d0c                fast_pwm_init
 .text.ha_nlink_gpio_init
                0x00000d3c       0x22 ha-dev/ha-dev-base.o
                0x00000d3c                ha_nlink_gpio_init
 .text.ha_dev_base_init
                0x00000d5e       0xaa ha-dev/ha-dev-base.o
                0x00000d5e                ha_dev_base_init
 .text.ha_dev_base_set_steady
                0x00000e08       0x9a ha-dev/ha-dev-base.o
                0x00000e08                ha_dev_base_set_steady
 .text.ha_dev_base_set_fast_pwm
                0x00000ea2       0x88 ha-dev/ha-dev-base.o
                0x00000ea2                ha_dev_base_set_fast_pwm
 .text.__vector_5
                0x00000f2a       0x4e ha-dev/ha-dev-base.o
                0x00000f2a                __vector_5
 .text.__vector_13
                0x00000f78       0x66 ha-dev/ha-dev-base.o
                0x00000f78                __vector_13
 .text.ha_node_switch_get_pins
                0x00000fde        0x2 ha-mainlight.o
                0x00000fde                ha_node_switch_get_pins
 .text.ha_node_ledlight_set_intensity
                0x00000fe0       0x12 ha-mainlight.o
                0x00000fe0                ha_node_ledlight_set_intensity
 .text.startup.main
                0x00000ff2       0xfe ha-mainlight.o
                0x00000ff2                main
 .text.isr_ha_app_on_timer
                0x000010f0       0x56 ha-mainlight.o
                0x000010f0                isr_ha_app_on_timer
 .text.avr-libc
                0x00001146       0x34 c:/program files (x86)/atmel/studio/7.0/toolchain/avr8/avr8-gnu-toolchain/bin/../lib/gcc/avr/5.4.0/../../../../avr/lib/avrxmega3/short-calls\libc.a(calloc.o)
                0x00001146                calloc
 .text.avr-libc
                0x0000117a      0x242 c:/program files (x86)/atmel/studio/7.0/toolchain/avr8/avr8-gnu-toolchain/bin/../lib/gcc/avr/5.4.0/../../../../avr/lib/avrxmega3/short-calls\libc.a(malloc.o)
                0x0000117a                malloc
                0x000012aa                free
 .text.avr-libc
                0x000013bc       0x12 c:/program files (x86)/atmel/studio/7.0/toolchain/avr8/avr8-gnu-toolchain/bin/../lib/gcc/avr/5.4.0/../../../../avr/lib/avrxmega3/short-calls\libc.a(memcpy.o)
                0x000013bc                memcpy
 .text.avr-libc
                0x000013ce        0xe c:/program files (x86)/atmel/studio/7.0/toolchain/avr8/avr8-gnu-toolchain/bin/../lib/gcc/avr/5.4.0/../../../../avr/lib/avrxmega3/short-calls\libc.a(memset.o)
                0x000013ce                memset
                0x000013dc                . = ALIGN (0x2)
 *(.fini9)
 .fini9         0x000013dc        0x0 c:/program files (x86)/atmel/studio/7.0/toolchain/avr8/avr8-gnu-toolchain/bin/../lib/gcc/avr/5.4.0/avrxmega3/short-calls\libgcc.a(_exit.o)
                0x000013dc                _exit
                0x000013dc                exit
 *(.fini9)
 *(.fini8)
 *(.fini8)
 *(.fini7)
 *(.fini7)
 *(.fini6)
 *(.fini6)
 *(.fini5)
 *(.fini5)
 *(.fini4)
 *(.fini4)
 *(.fini3)
 *(.fini3)
 *(.fini2)
 *(.fini2)
 *(.fini1)
 *(.fini1)
 *(.fini0)
 .fini0         0x000013dc        0x4 c:/program files (x86)/atmel/studio/7.0/toolchain/avr8/avr8-gnu-toolchain/bin/../lib/gcc/avr/5.4.0/avrxmega3/short-calls\libgcc.a(_exit.o)
 *(.fini0)
                0x000013e0                _etext = .

.rodata         0x000093e0       0xbd load address 0x000013e0
 *(.rodata)
 .rodata        0x000093e0       0x9a ha-ceil-config.o
                0x000093e0                room_spt_bed_ll_action
                0x000093f9                room_spt_mid_ll_action
                0x00009412                hall_spt_ll_action
                0x0000942b                room_amb_ll_action
                0x00009444                room_spt_bed_ll_cfg
                0x00009450                room_spt_mid_ll_cfg
                0x0000945c                hall_spt_ll_cfg
                0x00009468                room_amb_ll_cfg
                0x00009474                room_spt_bed_leds_ch_mask
                0x00009475                room_spt_mid_leds_ch_mask
                0x00009476                hall_spt_leds_ch_mask
                0x00009477                room_amb_leds_ch_mask
                0x00009478                ceil_sw_cfg
 .rodata        0x0000947a       0x13 ha-dev/ha-dev-base.o
                0x0000947a                guca_pwm_intensity_table
 .rodata        0x0000948d       0x10 ha-mainlight-const.o
                0x0000948d                guca_disable_roll_table
                0x00009492                guca_dimm_on_intensity_table
 *(.rodata*)
 *(.gnu.linkonce.r*)

.data           0x00803e00        0x8 load address 0x0000149d
                0x00803e00                PROVIDE (__data_start, .)
 *(.data)
 .data          0x00803e00        0x1 ha-dev/ha-dev-base.o
                0x00803e00                g_ha_nlink_timer_cnt
 .data          0x00803e01        0x6 c:/program files (x86)/atmel/studio/7.0/toolchain/avr8/avr8-gnu-toolchain/bin/../lib/gcc/avr/5.4.0/../../../../avr/lib/avrxmega3/short-calls\libc.a(malloc.o)
                0x00803e01                __malloc_heap_end
                0x00803e03                __malloc_heap_start
                0x00803e05                __malloc_margin
 *(.data*)
 *(.gnu.linkonce.d*)
                0x00803e08                . = ALIGN (0x2)
 *fill*         0x00803e07        0x1 
                0x00803e08                _edata = .
                0x00803e08                PROVIDE (__data_end, .)

.bss            0x00803e08       0xf1
                0x00803e08                PROVIDE (__bss_start, .)
 *(.bss)
 .bss           0x00803e08       0x10 ha-mainlight.o
                0x00803e08                sw_ceil
                0x00803e0a                ll_room_spt_bed
                0x00803e0c                ll_room_spt_mid
                0x00803e0e                ll_room_amb
                0x00803e10                ll_hall_spt
                0x00803e12                guc_switches_timer
                0x00803e13                g_switches_cnt
                0x00803e15                guc_led_intenisity_timer
                0x00803e16                g_led_intensity_cnt
 *(.bss*)
 *(COMMON)
 COMMON         0x00803e18        0x2 ha-common/ha-common.o
                0x00803e18                gus_trap_line
 COMMON         0x00803e1a       0xdb ha-common/ha-nlink.o
                0x00803e1a                nlink
 COMMON         0x00803ef5        0x4 c:/program files (x86)/atmel/studio/7.0/toolchain/avr8/avr8-gnu-toolchain/bin/../lib/gcc/avr/5.4.0/../../../../avr/lib/avrxmega3/short-calls\libc.a(malloc.o)
                0x00803ef5                __brkval
                0x00803ef7                __flp
                0x00803ef9                PROVIDE (__bss_end, .)
                0x0000149d                __data_load_start = LOADADDR (.data)
                0x000014a5                __data_load_end = (__data_load_start + SIZEOF (.data))

.noinit         0x00803ef9        0x0
                [!provide]                PROVIDE (__noinit_start, .)
 *(.noinit*)
                [!provide]                PROVIDE (__noinit_end, .)
                0x00803ef9                _end = .
                0x00803ef9                PROVIDE (__heap_start, .)

.eeprom         0x00810000        0x0
 *(.eeprom*)
                0x00810000                __eeprom_end = .

.fuse
 *(.fuse)
 *(.lfuse)
 *(.hfuse)
 *(.efuse)

.lock
 *(.lock*)

.signature
 *(.signature*)

.user_signatures
 *(.user_signatures*)

.stab
 *(.stab)

.stabstr
 *(.stabstr)

.stab.excl
 *(.stab.excl)

.stab.exclstr
 *(.stab.exclstr)

.stab.index
 *(.stab.index)

.stab.indexstr
 *(.stab.indexstr)

.comment        0x00000000       0x30
 *(.comment)
 .comment       0x00000000       0x30 ha-ceil-config.o
                                 0x31 (size before relaxing)
 .comment       0x00000030       0x31 ha-common/ha-common.o
 .comment       0x00000030       0x31 ha-common/ha-nlink.o
 .comment       0x00000030       0x31 ha-common/ha-node-ledlight.o
 .comment       0x00000030       0x31 ha-common/ha-node-switch.o
 .comment       0x00000030       0x31 ha-dev/ha-dev-base.o
 .comment       0x00000030       0x31 ha-mainlight.o
 .comment       0x00000030       0x31 ha-mainlight-const.o
 .comment       0x00000030       0x31 c:/program files (x86)/atmel/studio/7.0/toolchain/avr8/avr8-gnu-toolchain/bin/../lib/gcc/avr/5.4.0/../../../../avr/lib/avrxmega3/short-calls\libc.a(calloc.o)
 .comment       0x00000030       0x31 c:/program files (x86)/atmel/studio/7.0/toolchain/avr8/avr8-gnu-toolchain/bin/../lib/gcc/avr/5.4.0/../../../../avr/lib/avrxmega3/short-calls\libc.a(malloc.o)

.note.gnu.avr.deviceinfo
                0x00000000       0x3c
 .note.gnu.avr.deviceinfo
                0x00000000       0x3c C:/Program Files (x86)/Atmel/Studio/7.0/Packs/atmel/ATtiny_DFP/1.3.172/gcc/dev/attiny817/avrxmega3/short-calls/crtattiny817.o

.note.gnu.build-id
 *(.note.gnu.build-id)

.debug
 *(.debug)

.line
 *(.line)

.debug_srcinfo
 *(.debug_srcinfo)

.debug_sfnames
 *(.debug_sfnames)

.debug_aranges  0x00000000      0x1f8
 *(.debug_aranges)
 .debug_aranges
                0x00000000       0x18 ha-ceil-config.o
 .debug_aranges
                0x00000018       0x20 ha-common/ha-common.o
 .debug_aranges
                0x00000038       0x60 ha-common/ha-nlink.o
 .debug_aranges
                0x00000098       0x60 ha-common/ha-node-ledlight.o
 .debug_aranges
                0x000000f8       0x30 ha-common/ha-node-switch.o
 .debug_aranges
                0x00000128       0x80 ha-dev/ha-dev-base.o
 .debug_aranges
                0x000001a8       0x38 ha-mainlight.o
 .debug_aranges
                0x000001e0       0x18 ha-mainlight-const.o

.debug_pubnames
 *(.debug_pubnames)

.debug_info     0x00000000     0x5817
 *(.debug_info .gnu.linkonce.wi.*)
 .debug_info    0x00000000     0x16bc C:/Program Files (x86)/Atmel/Studio/7.0/Packs/atmel/ATtiny_DFP/1.3.172/gcc/dev/attiny817/avrxmega3/short-calls/crtattiny817.o
 .debug_info    0x000016bc      0x35b ha-ceil-config.o
 .debug_info    0x00001a17       0xad ha-common/ha-common.o
 .debug_info    0x00001ac4      0xae0 ha-common/ha-nlink.o
 .debug_info    0x000025a4      0xbed ha-common/ha-node-ledlight.o
 .debug_info    0x00003191      0x4da ha-common/ha-node-switch.o
 .debug_info    0x0000366b     0x18a4 ha-dev/ha-dev-base.o
 .debug_info    0x00004f0f      0x84d ha-mainlight.o
 .debug_info    0x0000575c       0xbb ha-mainlight-const.o

.debug_abbrev   0x00000000     0x238f
 *(.debug_abbrev)
 .debug_abbrev  0x00000000     0x1582 C:/Program Files (x86)/Atmel/Studio/7.0/Packs/atmel/ATtiny_DFP/1.3.172/gcc/dev/attiny817/avrxmega3/short-calls/crtattiny817.o
 .debug_abbrev  0x00001582       0xaf ha-ceil-config.o
 .debug_abbrev  0x00001631       0x76 ha-common/ha-common.o
 .debug_abbrev  0x000016a7      0x3d4 ha-common/ha-nlink.o
 .debug_abbrev  0x00001a7b      0x2ae ha-common/ha-node-ledlight.o
 .debug_abbrev  0x00001d29      0x1d6 ha-common/ha-node-switch.o
 .debug_abbrev  0x00001eff      0x279 ha-dev/ha-dev-base.o
 .debug_abbrev  0x00002178      0x1ba ha-mainlight.o
 .debug_abbrev  0x00002332       0x5d ha-mainlight-const.o

.debug_line     0x00000000     0x1b5c
 *(.debug_line .debug_line.* .debug_line_end)
 .debug_line    0x00000000      0x136 C:/Program Files (x86)/Atmel/Studio/7.0/Packs/atmel/ATtiny_DFP/1.3.172/gcc/dev/attiny817/avrxmega3/short-calls/crtattiny817.o
 .debug_line    0x00000136       0xe4 ha-ceil-config.o
 .debug_line    0x0000021a       0xac ha-common/ha-common.o
 .debug_line    0x000002c6      0x592 ha-common/ha-nlink.o
 .debug_line    0x00000858      0x696 ha-common/ha-node-ledlight.o
 .debug_line    0x00000eee      0x32d ha-common/ha-node-switch.o
 .debug_line    0x0000121b      0x665 ha-dev/ha-dev-base.o
 .debug_line    0x00001880      0x243 ha-mainlight.o
 .debug_line    0x00001ac3       0x99 ha-mainlight-const.o

.debug_frame    0x00000000      0x51c
 *(.debug_frame)
 .debug_frame   0x00000000       0x24 ha-common/ha-common.o
 .debug_frame   0x00000024      0x118 ha-common/ha-nlink.o
 .debug_frame   0x0000013c      0x174 ha-common/ha-node-ledlight.o
 .debug_frame   0x000002b0       0x8c ha-common/ha-node-switch.o
 .debug_frame   0x0000033c      0x18c ha-dev/ha-dev-base.o
 .debug_frame   0x000004c8       0x54 ha-mainlight.o

.debug_str      0x00000000     0x2187
 *(.debug_str)
 .debug_str     0x00000000      0x9a7 C:/Program Files (x86)/Atmel/Studio/7.0/Packs/atmel/ATtiny_DFP/1.3.172/gcc/dev/attiny817/avrxmega3/short-calls/crtattiny817.o
 .debug_str     0x000009a7      0x425 ha-ceil-config.o
                                0x459 (size before relaxing)
 .debug_str     0x00000dcc       0x7a ha-common/ha-common.o
                                0x18f (size before relaxing)
 .debug_str     0x00000e46      0x50b ha-common/ha-nlink.o
                                0x69e (size before relaxing)
 .debug_str     0x00001351      0x2b7 ha-common/ha-node-ledlight.o
                                0x69b (size before relaxing)
 .debug_str     0x00001608      0x12e ha-common/ha-node-switch.o
                                0x370 (size before relaxing)
 .debug_str     0x00001736      0x946 ha-dev/ha-dev-base.o
                                0xd3c (size before relaxing)
 .debug_str     0x0000207c       0xf1 ha-mainlight.o
                                0x76a (size before relaxing)
 .debug_str     0x0000216d       0x1a ha-mainlight-const.o
                                0x1a8 (size before relaxing)

.debug_loc      0x00000000     0x1c1c
 *(.debug_loc)
 .debug_loc     0x00000000      0x57f ha-common/ha-nlink.o
 .debug_loc     0x0000057f      0xe53 ha-common/ha-node-ledlight.o
 .debug_loc     0x000013d2      0x3f6 ha-common/ha-node-switch.o
 .debug_loc     0x000017c8      0x3b0 ha-dev/ha-dev-base.o
 .debug_loc     0x00001b78       0xa4 ha-mainlight.o

.debug_macinfo
 *(.debug_macinfo)

.debug_weaknames
 *(.debug_weaknames)

.debug_funcnames
 *(.debug_funcnames)

.debug_typenames
 *(.debug_typenames)

.debug_varnames
 *(.debug_varnames)

.debug_pubtypes
 *(.debug_pubtypes)

.debug_ranges   0x00000000      0x3b0
 *(.debug_ranges)
 .debug_ranges  0x00000000       0x10 ha-common/ha-common.o
 .debug_ranges  0x00000010      0x160 ha-common/ha-nlink.o
 .debug_ranges  0x00000170      0x150 ha-common/ha-node-ledlight.o
 .debug_ranges  0x000002c0       0x58 ha-common/ha-node-switch.o
 .debug_ranges  0x00000318       0x70 ha-dev/ha-dev-base.o
 .debug_ranges  0x00000388       0x28 ha-mainlight.o

.debug_macro
 *(.debug_macro)
OUTPUT(ha-ceil1.elf elf32-avr)
LOAD linker stubs

.config_param   0x00810010        0x0
